// Vitest Snapshot v1, https://vitest.dev/guide/snapshot.html

exports[`renderWindowsTerminalScheme — golden files > catppuccin matches its committed snapshot 1`] = `
{
  "background": "#1e1e2e",
  "black": "#1e1e2e",
  "blue": "#89b4fa",
  "brightBlack": "#585b70",
  "brightBlue": "#89b4fa",
  "brightCyan": "#94e2d5",
  "brightGreen": "#a6e3a1",
  "brightPurple": "#f5c2e7",
  "brightRed": "#f38ba8",
  "brightWhite": "#cdd6f4",
  "brightYellow": "#f9e2af",
  "cursorColor": "#cdd6f4",
  "cyan": "#94e2d5",
  "foreground": "#cdd6f4",
  "green": "#a6e3a1",
  "name": "catppuccin",
  "purple": "#f5c2e7",
  "red": "#f38ba8",
  "selectionBackground": "#45475a",
  "white": "#cdd6f4",
  "yellow": "#f9e2af",
}
`;

exports[`renderWindowsTerminalScheme — golden files > tokyo-night matches its committed snapshot 1`] = `
{
  "background": "#1a1b26",
  "black": "#1a1b26",
  "blue": "#7aa2f7",
  "brightBlack": "#414868",
  "brightBlue": "#7da6ff",
  "brightCyan": "#0db9d7",
  "brightGreen": "#b9f27c",
  "brightPurple": "#bb9af7",
  "brightRed": "#ff7a93",
  "brightWhite": "#c0caf5",
  "brightYellow": "#ff9e64",
  "cursorColor": "#c0caf5",
  "cyan": "#449dab",
  "foreground": "#a9b1d6",
  "green": "#9ece6a",
  "name": "tokyo-night",
  "purple": "#ad8ee6",
  "red": "#f7768e",
  "selectionBackground": "#292e42",
  "white": "#a9b1d6",
  "yellow": "#e0af68",
}
`;
